---
source: src/lexer.rs
expression: "\n        let five = 5;\n\n        let six=6;\n        let name = \"Hello World!\";\n        "
---
[
  {
    "kind": "LET",
    "literal": "let"
  },
  {
    "kind": {
      "IDENTIFIER": {
        "name": "five"
      }
    },
    "literal": "five"
  },
  {
    "kind": "ASSIGN",
    "literal": "="
  },
  {
    "kind": {
      "INT": 5
    },
    "literal": ""
  },
  {
    "kind": "SEMICOLON",
    "literal": ";"
  },
  {
    "kind": "LET",
    "literal": "let"
  },
  {
    "kind": {
      "IDENTIFIER": {
        "name": "six"
      }
    },
    "literal": "six"
  },
  {
    "kind": "ASSIGN",
    "literal": "="
  },
  {
    "kind": {
      "INT": 6
    },
    "literal": ""
  },
  {
    "kind": "SEMICOLON",
    "literal": ";"
  },
  {
    "kind": "LET",
    "literal": "let"
  },
  {
    "kind": {
      "IDENTIFIER": {
        "name": "name"
      }
    },
    "literal": "name"
  },
  {
    "kind": "ASSIGN",
    "literal": "="
  },
  {
    "kind": {
      "STRING": "Hello World!"
    },
    "literal": "Hello World!"
  },
  {
    "kind": "SEMICOLON",
    "literal": ";"
  },
  {
    "kind": "EOF",
    "literal": "\u0000"
  }
]
